../Core/Src/main.c:72:5:main	16	static
../Core/Src/main.c:138:6:value_assign	8	static
../Core/Src/main.c:161:6:method1	16	static
../Core/Src/main.c:174:6:method2	16	static
../Core/Src/main.c:188:6:method3	16	static
../Core/Src/main.c:202:6:method4	16	static
../Core/Src/main.c:216:6:method5	16	static
../Core/Src/main.c:227:6:SystemClock_Config	88	static
../Core/Src/main.c:269:13:MX_I2C1_Init	8	static
../Core/Src/main.c:301:13:MX_GPIO_Init	40	static
../Core/Src/main.c:328:6:Error_Handler	4	static,ignoring_inline_asm
